
> whiz-point@7.0.0 dev:vite
> vite --port 5174


  VITE v4.5.14  ready in 846 ms

  ➜  Local:   http://localhost:5174/
  ➜  Network: use --host to expose
/app/src/components/server/ServerHub.tsx: 'import' and 'export' may only appear at the top level. (161:0)

  159 | };
  160 |
> 161 | export default function ServerHub() {
      | ^
  162 |   const [activeTab, setActiveTab] = useState('dashboard');
  163 |   const { logout, currentCashier } = usePosStore();
  164 |
2:41:41 PM [vite] Internal server error: /app/src/components/server/ServerHub.tsx: 'import' and 'export' may only appear at the top level. (161:0)

  159 | };
  160 |
> 161 | export default function ServerHub() {
      | ^
  162 |   const [activeTab, setActiveTab] = useState('dashboard');
  163 |   const { logout, currentCashier } = usePosStore();
  164 |
  Plugin: vite:react-babel
  File: /app/src/components/server/ServerHub.tsx:161:0
  158|    );
  159|  };
  160|
     |   ^
  161|  export default function ServerHub() {
  162|    const [activeTab, setActiveTab] = useState('dashboard');
      at constructor (/app/node_modules/@babel/parser/lib/index.js:367:19)
      at TypeScriptParserMixin.raise (/app/node_modules/@babel/parser/lib/index.js:6624:19)
      at TypeScriptParserMixin.parseStatementContent (/app/node_modules/@babel/parser/lib/index.js:12947:18)
      at TypeScriptParserMixin.parseStatementContent (/app/node_modules/@babel/parser/lib/index.js:9569:18)
      at TypeScriptParserMixin.parseStatementLike (/app/node_modules/@babel/parser/lib/index.js:12843:17)
      at TypeScriptParserMixin.parseStatementListItem (/app/node_modules/@babel/parser/lib/index.js:12823:17)
      at TypeScriptParserMixin.parseBlockOrModuleBlockBody (/app/node_modules/@babel/parser/lib/index.js:13392:61)
      at TypeScriptParserMixin.parseBlockBody (/app/node_modules/@babel/parser/lib/index.js:13385:10)
      at TypeScriptParserMixin.parseBlock (/app/node_modules/@babel/parser/lib/index.js:13373:10)
      at TypeScriptParserMixin.parseFunctionBody (/app/node_modules/@babel/parser/lib/index.js:12174:24)
      at TypeScriptParserMixin.parseArrowExpression (/app/node_modules/@babel/parser/lib/index.js:12149:10)
      at TypeScriptParserMixin.parseParenAndDistinguishExpression (/app/node_modules/@babel/parser/lib/index.js:11759:12)
      at TypeScriptParserMixin.parseExprAtom (/app/node_modules/@babel/parser/lib/index.js:11395:23)
      at TypeScriptParserMixin.parseExprAtom (/app/node_modules/@babel/parser/lib/index.js:4793:20)
      at TypeScriptParserMixin.parseExprSubscripts (/app/node_modules/@babel/parser/lib/index.js:11145:23)
      at TypeScriptParserMixin.parseUpdate (/app/node_modules/@babel/parser/lib/index.js:11130:21)
      at TypeScriptParserMixin.parseMaybeUnary (/app/node_modules/@babel/parser/lib/index.js:11110:23)
      at TypeScriptParserMixin.parseMaybeUnary (/app/node_modules/@babel/parser/lib/index.js:9890:18)
      at TypeScriptParserMixin.parseMaybeUnaryOrPrivate (/app/node_modules/@babel/parser/lib/index.js:10963:61)
      at TypeScriptParserMixin.parseExprOps (/app/node_modules/@babel/parser/lib/index.js:10968:23)
      at TypeScriptParserMixin.parseMaybeConditional (/app/node_modules/@babel/parser/lib/index.js:10945:23)
      at TypeScriptParserMixin.parseMaybeAssign (/app/node_modules/@babel/parser/lib/index.js:10895:21)
      at TypeScriptParserMixin.parseMaybeAssign (/app/node_modules/@babel/parser/lib/index.js:9839:20)
      at /app/node_modules/@babel/parser/lib/index.js:10864:39
      at TypeScriptParserMixin.allowInAnd (/app/node_modules/@babel/parser/lib/index.js:12495:16)
      at TypeScriptParserMixin.parseMaybeAssignAllowIn (/app/node_modules/@babel/parser/lib/index.js:10864:17)
      at TypeScriptParserMixin.parseVar (/app/node_modules/@babel/parser/lib/index.js:13460:91)
      at TypeScriptParserMixin.parseVarStatement (/app/node_modules/@babel/parser/lib/index.js:13306:10)
      at TypeScriptParserMixin.parseVarStatement (/app/node_modules/@babel/parser/lib/index.js:9469:31)
      at TypeScriptParserMixin.parseStatementContent (/app/node_modules/@babel/parser/lib/index.js:12927:23)
      at TypeScriptParserMixin.parseStatementContent (/app/node_modules/@babel/parser/lib/index.js:9569:18)
      at TypeScriptParserMixin.parseStatementLike (/app/node_modules/@babel/parser/lib/index.js:12843:17)
      at TypeScriptParserMixin.parseModuleItem (/app/node_modules/@babel/parser/lib/index.js:12820:17)
      at TypeScriptParserMixin.parseBlockOrModuleBlockBody (/app/node_modules/@babel/parser/lib/index.js:13392:36)
      at TypeScriptParserMixin.parseBlockBody (/app/node_modules/@babel/parser/lib/index.js:13385:10)
      at TypeScriptParserMixin.parseProgram (/app/node_modules/@babel/parser/lib/index.js:12698:10)
      at TypeScriptParserMixin.parseTopLevel (/app/node_modules/@babel/parser/lib/index.js:12688:25)
      at TypeScriptParserMixin.parse (/app/node_modules/@babel/parser/lib/index.js:14568:25)
      at TypeScriptParserMixin.parse (/app/node_modules/@babel/parser/lib/index.js:10183:18)
      at parse (/app/node_modules/@babel/parser/lib/index.js:14602:38)
      at parser (/app/node_modules/@babel/core/lib/parser/index.js:41:34)
      at parser.next (<anonymous>)
      at normalizeFile (/app/node_modules/@babel/core/lib/transformation/normalize-file.js:64:37)
      at normalizeFile.next (<anonymous>)
      at run (/app/node_modules/@babel/core/lib/transformation/index.js:22:50)
      at run.next (<anonymous>)
      at transform (/app/node_modules/@babel/core/lib/transform.js:22:33)
      at transform.next (<anonymous>)
      at step (/app/node_modules/gensync/index.js:261:32)
      at /app/node_modules/gensync/index.js:273:13
2:41:42 PM [vite] Internal server error: /app/src/components/server/ServerHub.tsx: 'import' and 'export' may only appear at the top level. (161:0)

  159 | };
  160 |
> 161 | export default function ServerHub() {
      | ^
  162 |   const [activeTab, setActiveTab] = useState('dashboard');
  163 |   const { logout, currentCashier } = usePosStore();
  164 |
  Plugin: vite:react-babel
  File: /app/src/components/server/ServerHub.tsx:161:0
  158|    );
  159|  };
  160|
     |   ^
  161|  export default function ServerHub() {
  162|    const [activeTab, setActiveTab] = useState('dashboard');
      at constructor (/app/node_modules/@babel/parser/lib/index.js:367:19)
      at TypeScriptParserMixin.raise (/app/node_modules/@babel/parser/lib/index.js:6624:19)
      at TypeScriptParserMixin.parseStatementContent (/app/node_modules/@babel/parser/lib/index.js:12947:18)
      at TypeScriptParserMixin.parseStatementContent (/app/node_modules/@babel/parser/lib/index.js:9569:18)
      at TypeScriptParserMixin.parseStatementLike (/app/node_modules/@babel/parser/lib/index.js:12843:17)
      at TypeScriptParserMixin.parseStatementListItem (/app/node_modules/@babel/parser/lib/index.js:12823:17)
      at TypeScriptParserMixin.parseBlockOrModuleBlockBody (/app/node_modules/@babel/parser/lib/index.js:13392:61)
      at TypeScriptParserMixin.parseBlockBody (/app/node_modules/@babel/parser/lib/index.js:13385:10)
      at TypeScriptParserMixin.parseBlock (/app/node_modules/@babel/parser/lib/index.js:13373:10)
      at TypeScriptParserMixin.parseFunctionBody (/app/node_modules/@babel/parser/lib/index.js:12174:24)
      at TypeScriptParserMixin.parseArrowExpression (/app/node_modules/@babel/parser/lib/index.js:12149:10)
      at TypeScriptParserMixin.parseParenAndDistinguishExpression (/app/node_modules/@babel/parser/lib/index.js:11759:12)
      at TypeScriptParserMixin.parseExprAtom (/app/node_modules/@babel/parser/lib/index.js:11395:23)
      at TypeScriptParserMixin.parseExprAtom (/app/node_modules/@babel/parser/lib/index.js:4793:20)
      at TypeScriptParserMixin.parseExprSubscripts (/app/node_modules/@babel/parser/lib/index.js:11145:23)
      at TypeScriptParserMixin.parseUpdate (/app/node_modules/@babel/parser/lib/index.js:11130:21)
      at TypeScriptParserMixin.parseMaybeUnary (/app/node_modules/@babel/parser/lib/index.js:11110:23)
      at TypeScriptParserMixin.parseMaybeUnary (/app/node_modules/@babel/parser/lib/index.js:9890:18)
      at TypeScriptParserMixin.parseMaybeUnaryOrPrivate (/app/node_modules/@babel/parser/lib/index.js:10963:61)
      at TypeScriptParserMixin.parseExprOps (/app/node_modules/@babel/parser/lib/index.js:10968:23)
      at TypeScriptParserMixin.parseMaybeConditional (/app/node_modules/@babel/parser/lib/index.js:10945:23)
      at TypeScriptParserMixin.parseMaybeAssign (/app/node_modules/@babel/parser/lib/index.js:10895:21)
      at TypeScriptParserMixin.parseMaybeAssign (/app/node_modules/@babel/parser/lib/index.js:9839:20)
      at /app/node_modules/@babel/parser/lib/index.js:10864:39
      at TypeScriptParserMixin.allowInAnd (/app/node_modules/@babel/parser/lib/index.js:12495:16)
      at TypeScriptParserMixin.parseMaybeAssignAllowIn (/app/node_modules/@babel/parser/lib/index.js:10864:17)
      at TypeScriptParserMixin.parseVar (/app/node_modules/@babel/parser/lib/index.js:13460:91)
      at TypeScriptParserMixin.parseVarStatement (/app/node_modules/@babel/parser/lib/index.js:13306:10)
      at TypeScriptParserMixin.parseVarStatement (/app/node_modules/@babel/parser/lib/index.js:9469:31)
      at TypeScriptParserMixin.parseStatementContent (/app/node_modules/@babel/parser/lib/index.js:12927:23)
      at TypeScriptParserMixin.parseStatementContent (/app/node_modules/@babel/parser/lib/index.js:9569:18)
      at TypeScriptParserMixin.parseStatementLike (/app/node_modules/@babel/parser/lib/index.js:12843:17)
      at TypeScriptParserMixin.parseModuleItem (/app/node_modules/@babel/parser/lib/index.js:12820:17)
      at TypeScriptParserMixin.parseBlockOrModuleBlockBody (/app/node_modules/@babel/parser/lib/index.js:13392:36)
      at TypeScriptParserMixin.parseBlockBody (/app/node_modules/@babel/parser/lib/index.js:13385:10)
      at TypeScriptParserMixin.parseProgram (/app/node_modules/@babel/parser/lib/index.js:12698:10)
      at TypeScriptParserMixin.parseTopLevel (/app/node_modules/@babel/parser/lib/index.js:12688:25)
      at TypeScriptParserMixin.parse (/app/node_modules/@babel/parser/lib/index.js:14568:25)
      at TypeScriptParserMixin.parse (/app/node_modules/@babel/parser/lib/index.js:10183:18)
      at parse (/app/node_modules/@babel/parser/lib/index.js:14602:38)
      at parser (/app/node_modules/@babel/core/lib/parser/index.js:41:34)
      at parser.next (<anonymous>)
      at normalizeFile (/app/node_modules/@babel/core/lib/transformation/normalize-file.js:64:37)
      at normalizeFile.next (<anonymous>)
      at run (/app/node_modules/@babel/core/lib/transformation/index.js:22:50)
      at run.next (<anonymous>)
      at transform (/app/node_modules/@babel/core/lib/transform.js:22:33)
      at transform.next (<anonymous>)
      at step (/app/node_modules/gensync/index.js:261:32)
      at /app/node_modules/gensync/index.js:273:13
2:44:56 PM [vite] Internal server error: /app/src/components/server/ServerHub.tsx: 'import' and 'export' may only appear at the top level. (161:0)

  159 | };
  160 |
> 161 | export default function ServerHub() {
      | ^
  162 |   const [activeTab, setActiveTab] = useState('dashboard');
  163 |   const { logout, currentCashier } = usePosStore();
  164 |
  Plugin: vite:react-babel
  File: /app/src/components/server/ServerHub.tsx:161:0
  158|    );
  159|  };
  160|
     |   ^
  161|  export default function ServerHub() {
  162|    const [activeTab, setActiveTab] = useState('dashboard');
      at constructor (/app/node_modules/@babel/parser/lib/index.js:367:19)
      at TypeScriptParserMixin.raise (/app/node_modules/@babel/parser/lib/index.js:6624:19)
      at TypeScriptParserMixin.parseStatementContent (/app/node_modules/@babel/parser/lib/index.js:12947:18)
      at TypeScriptParserMixin.parseStatementContent (/app/node_modules/@babel/parser/lib/index.js:9569:18)
      at TypeScriptParserMixin.parseStatementLike (/app/node_modules/@babel/parser/lib/index.js:12843:17)
      at TypeScriptParserMixin.parseStatementListItem (/app/node_modules/@babel/parser/lib/index.js:12823:17)
      at TypeScriptParserMixin.parseBlockOrModuleBlockBody (/app/node_modules/@babel/parser/lib/index.js:13392:61)
      at TypeScriptParserMixin.parseBlockBody (/app/node_modules/@babel/parser/lib/index.js:13385:10)
      at TypeScriptParserMixin.parseBlock (/app/node_modules/@babel/parser/lib/index.js:13373:10)
      at TypeScriptParserMixin.parseFunctionBody (/app/node_modules/@babel/parser/lib/index.js:12174:24)
      at TypeScriptParserMixin.parseArrowExpression (/app/node_modules/@babel/parser/lib/index.js:12149:10)
      at TypeScriptParserMixin.parseParenAndDistinguishExpression (/app/node_modules/@babel/parser/lib/index.js:11759:12)
      at TypeScriptParserMixin.parseExprAtom (/app/node_modules/@babel/parser/lib/index.js:11395:23)
      at TypeScriptParserMixin.parseExprAtom (/app/node_modules/@babel/parser/lib/index.js:4793:20)
      at TypeScriptParserMixin.parseExprSubscripts (/app/node_modules/@babel/parser/lib/index.js:11145:23)
      at TypeScriptParserMixin.parseUpdate (/app/node_modules/@babel/parser/lib/index.js:11130:21)
      at TypeScriptParserMixin.parseMaybeUnary (/app/node_modules/@babel/parser/lib/index.js:11110:23)
      at TypeScriptParserMixin.parseMaybeUnary (/app/node_modules/@babel/parser/lib/index.js:9890:18)
      at TypeScriptParserMixin.parseMaybeUnaryOrPrivate (/app/node_modules/@babel/parser/lib/index.js:10963:61)
      at TypeScriptParserMixin.parseExprOps (/app/node_modules/@babel/parser/lib/index.js:10968:23)
      at TypeScriptParserMixin.parseMaybeConditional (/app/node_modules/@babel/parser/lib/index.js:10945:23)
      at TypeScriptParserMixin.parseMaybeAssign (/app/node_modules/@babel/parser/lib/index.js:10895:21)
      at TypeScriptParserMixin.parseMaybeAssign (/app/node_modules/@babel/parser/lib/index.js:9839:20)
      at /app/node_modules/@babel/parser/lib/index.js:10864:39
      at TypeScriptParserMixin.allowInAnd (/app/node_modules/@babel/parser/lib/index.js:12495:16)
      at TypeScriptParserMixin.parseMaybeAssignAllowIn (/app/node_modules/@babel/parser/lib/index.js:10864:17)
      at TypeScriptParserMixin.parseVar (/app/node_modules/@babel/parser/lib/index.js:13460:91)
      at TypeScriptParserMixin.parseVarStatement (/app/node_modules/@babel/parser/lib/index.js:13306:10)
      at TypeScriptParserMixin.parseVarStatement (/app/node_modules/@babel/parser/lib/index.js:9469:31)
      at TypeScriptParserMixin.parseStatementContent (/app/node_modules/@babel/parser/lib/index.js:12927:23)
      at TypeScriptParserMixin.parseStatementContent (/app/node_modules/@babel/parser/lib/index.js:9569:18)
      at TypeScriptParserMixin.parseStatementLike (/app/node_modules/@babel/parser/lib/index.js:12843:17)
      at TypeScriptParserMixin.parseModuleItem (/app/node_modules/@babel/parser/lib/index.js:12820:17)
      at TypeScriptParserMixin.parseBlockOrModuleBlockBody (/app/node_modules/@babel/parser/lib/index.js:13392:36)
      at TypeScriptParserMixin.parseBlockBody (/app/node_modules/@babel/parser/lib/index.js:13385:10)
      at TypeScriptParserMixin.parseProgram (/app/node_modules/@babel/parser/lib/index.js:12698:10)
      at TypeScriptParserMixin.parseTopLevel (/app/node_modules/@babel/parser/lib/index.js:12688:25)
      at TypeScriptParserMixin.parse (/app/node_modules/@babel/parser/lib/index.js:14568:25)
      at TypeScriptParserMixin.parse (/app/node_modules/@babel/parser/lib/index.js:10183:18)
      at parse (/app/node_modules/@babel/parser/lib/index.js:14602:38)
      at parser (/app/node_modules/@babel/core/lib/parser/index.js:41:34)
      at parser.next (<anonymous>)
      at normalizeFile (/app/node_modules/@babel/core/lib/transformation/normalize-file.js:64:37)
      at normalizeFile.next (<anonymous>)
      at run (/app/node_modules/@babel/core/lib/transformation/index.js:22:50)
      at run.next (<anonymous>)
      at transform (/app/node_modules/@babel/core/lib/transform.js:22:33)
      at transform.next (<anonymous>)
      at step (/app/node_modules/gensync/index.js:261:32)
      at /app/node_modules/gensync/index.js:273:13
2:44:56 PM [vite] Internal server error: /app/src/components/server/ServerHub.tsx: 'import' and 'export' may only appear at the top level. (161:0)

  159 | };
  160 |
> 161 | export default function ServerHub() {
      | ^
  162 |   const [activeTab, setActiveTab] = useState('dashboard');
  163 |   const { logout, currentCashier } = usePosStore();
  164 |
  Plugin: vite:react-babel
  File: /app/src/components/server/ServerHub.tsx:161:0
  158|    );
  159|  };
  160|
     |   ^
  161|  export default function ServerHub() {
  162|    const [activeTab, setActiveTab] = useState('dashboard');
      at constructor (/app/node_modules/@babel/parser/lib/index.js:367:19)
      at TypeScriptParserMixin.raise (/app/node_modules/@babel/parser/lib/index.js:6624:19)
      at TypeScriptParserMixin.parseStatementContent (/app/node_modules/@babel/parser/lib/index.js:12947:18)
      at TypeScriptParserMixin.parseStatementContent (/app/node_modules/@babel/parser/lib/index.js:9569:18)
      at TypeScriptParserMixin.parseStatementLike (/app/node_modules/@babel/parser/lib/index.js:12843:17)
      at TypeScriptParserMixin.parseStatementListItem (/app/node_modules/@babel/parser/lib/index.js:12823:17)
      at TypeScriptParserMixin.parseBlockOrModuleBlockBody (/app/node_modules/@babel/parser/lib/index.js:13392:61)
      at TypeScriptParserMixin.parseBlockBody (/app/node_modules/@babel/parser/lib/index.js:13385:10)
      at TypeScriptParserMixin.parseBlock (/app/node_modules/@babel/parser/lib/index.js:13373:10)
      at TypeScriptParserMixin.parseFunctionBody (/app/node_modules/@babel/parser/lib/index.js:12174:24)
      at TypeScriptParserMixin.parseArrowExpression (/app/node_modules/@babel/parser/lib/index.js:12149:10)
      at TypeScriptParserMixin.parseParenAndDistinguishExpression (/app/node_modules/@babel/parser/lib/index.js:11759:12)
      at TypeScriptParserMixin.parseExprAtom (/app/node_modules/@babel/parser/lib/index.js:11395:23)
      at TypeScriptParserMixin.parseExprAtom (/app/node_modules/@babel/parser/lib/index.js:4793:20)
      at TypeScriptParserMixin.parseExprSubscripts (/app/node_modules/@babel/parser/lib/index.js:11145:23)
      at TypeScriptParserMixin.parseUpdate (/app/node_modules/@babel/parser/lib/index.js:11130:21)
      at TypeScriptParserMixin.parseMaybeUnary (/app/node_modules/@babel/parser/lib/index.js:11110:23)
      at TypeScriptParserMixin.parseMaybeUnary (/app/node_modules/@babel/parser/lib/index.js:9890:18)
      at TypeScriptParserMixin.parseMaybeUnaryOrPrivate (/app/node_modules/@babel/parser/lib/index.js:10963:61)
      at TypeScriptParserMixin.parseExprOps (/app/node_modules/@babel/parser/lib/index.js:10968:23)
      at TypeScriptParserMixin.parseMaybeConditional (/app/node_modules/@babel/parser/lib/index.js:10945:23)
      at TypeScriptParserMixin.parseMaybeAssign (/app/node_modules/@babel/parser/lib/index.js:10895:21)
      at TypeScriptParserMixin.parseMaybeAssign (/app/node_modules/@babel/parser/lib/index.js:9839:20)
      at /app/node_modules/@babel/parser/lib/index.js:10864:39
      at TypeScriptParserMixin.allowInAnd (/app/node_modules/@babel/parser/lib/index.js:12495:16)
      at TypeScriptParserMixin.parseMaybeAssignAllowIn (/app/node_modules/@babel/parser/lib/index.js:10864:17)
      at TypeScriptParserMixin.parseVar (/app/node_modules/@babel/parser/lib/index.js:13460:91)
      at TypeScriptParserMixin.parseVarStatement (/app/node_modules/@babel/parser/lib/index.js:13306:10)
      at TypeScriptParserMixin.parseVarStatement (/app/node_modules/@babel/parser/lib/index.js:9469:31)
      at TypeScriptParserMixin.parseStatementContent (/app/node_modules/@babel/parser/lib/index.js:12927:23)
      at TypeScriptParserMixin.parseStatementContent (/app/node_modules/@babel/parser/lib/index.js:9569:18)
      at TypeScriptParserMixin.parseStatementLike (/app/node_modules/@babel/parser/lib/index.js:12843:17)
      at TypeScriptParserMixin.parseModuleItem (/app/node_modules/@babel/parser/lib/index.js:12820:17)
      at TypeScriptParserMixin.parseBlockOrModuleBlockBody (/app/node_modules/@babel/parser/lib/index.js:13392:36)
      at TypeScriptParserMixin.parseBlockBody (/app/node_modules/@babel/parser/lib/index.js:13385:10)
      at TypeScriptParserMixin.parseProgram (/app/node_modules/@babel/parser/lib/index.js:12698:10)
      at TypeScriptParserMixin.parseTopLevel (/app/node_modules/@babel/parser/lib/index.js:12688:25)
      at TypeScriptParserMixin.parse (/app/node_modules/@babel/parser/lib/index.js:14568:25)
      at TypeScriptParserMixin.parse (/app/node_modules/@babel/parser/lib/index.js:10183:18)
      at parse (/app/node_modules/@babel/parser/lib/index.js:14602:38)
      at parser (/app/node_modules/@babel/core/lib/parser/index.js:41:34)
      at parser.next (<anonymous>)
      at normalizeFile (/app/node_modules/@babel/core/lib/transformation/normalize-file.js:64:37)
      at normalizeFile.next (<anonymous>)
      at run (/app/node_modules/@babel/core/lib/transformation/index.js:22:50)
      at run.next (<anonymous>)
      at transform (/app/node_modules/@babel/core/lib/transform.js:22:33)
      at transform.next (<anonymous>)
      at step (/app/node_modules/gensync/index.js:261:32)
      at /app/node_modules/gensync/index.js:273:13
2:50:24 PM [vite] page reload dist/linux-unpacked/LICENSES.chromium.html
2:51:06 PM [vite] page reload dist/linux-unpacked/LICENSES.chromium.html
2:51:06 PM [vite] page reload dist/linux-unpacked/LICENSES.chromium.html
2:51:06 PM [vite] page reload dist/__appImage-x64/LICENSES.chromium.html
2:52:01 PM [vite] page reload dist/linux-unpacked/LICENSES.chromium.html
3:55:44 PM [vite] page reload dist/linux-unpacked/LICENSES.chromium.html
3:55:44 PM [vite] page reload dist/linux-unpacked/LICENSES.chromium.html
3:55:44 PM [vite] page reload dist/linux-unpacked/LICENSES.chromium.html
3:56:20 PM [vite] page reload dist/linux-unpacked/LICENSES.chromium.html
3:57:20 PM [vite] page reload dist/linux-unpacked/LICENSES.chromium.html
